第:0回合,loss:111.173775
第:1回合,loss:111.173775
第:2回合,loss:111.173775
第:3回合,loss:111.173775
第:4回合,loss:111.173775
第:5回合,loss:111.173775
第:6回合,loss:111.173775
第:7回合,loss:111.173775
第:8回合,loss:111.173775
第:9回合,loss:111.173775
第:10回合,loss:111.173775
第:11回合,loss:111.173775
第:12回合,loss:111.173775
第:13回合,loss:111.173775
第:14回合,loss:111.173775
第:15回合,loss:111.173775
第:16回合,loss:111.173775
第:17回合,loss:111.173775
第:18回合,loss:111.173775
第:19回合,loss:111.173775
第:20回合,loss:111.173775
第:21回合,loss:111.173775
第:22回合,loss:111.173775
第:23回合,loss:111.173775
第:24回合,loss:111.173775
第:25回合,loss:111.173775
第:26回合,loss:111.173775
第:27回合,loss:111.173775
第:28回合,loss:111.173775
第:29回合,loss:111.173775
第:30回合,loss:111.173775
第:31回合,loss:111.173775
第:32回合,loss:111.173775
第:33回合,loss:111.173775
第:34回合,loss:111.173775
第:35回合,loss:111.173775
第:36回合,loss:111.173775
第:37回合,loss:111.173775
第:38回合,loss:111.173775
第:39回合,loss:111.173775
第:40回合,loss:111.173775
第:41回合,loss:111.173775
第:42回合,loss:111.173775
第:43回合,loss:111.173775
第:44回合,loss:111.173775
第:45回合,loss:111.173775
第:46回合,loss:111.173775
第:47回合,loss:111.173775
第:48回合,loss:111.173775
第:49回合,loss:111.173775
第:50回合,loss:111.173775
第:51回合,loss:111.173775
第:52回合,loss:111.173775
第:53回合,loss:111.173775
第:54回合,loss:111.173775
第:55回合,loss:111.173775
第:56回合,loss:111.173775
第:57回合,loss:111.173775
第:58回合,loss:111.173775
第:59回合,loss:111.173775
第:60回合,loss:111.173775
第:61回合,loss:111.173775
第:62回合,loss:111.173775
第:63回合,loss:111.173775
第:64回合,loss:111.173775
第:65回合,loss:111.173775
第:66回合,loss:111.173775
第:67回合,loss:111.173775
第:68回合,loss:111.173775
第:69回合,loss:111.173775
第:70回合,loss:111.173775
第:71回合,loss:111.173775
第:72回合,loss:111.173775
第:73回合,loss:111.173775
回合,loss:111.173775
回合,loss:112.09032
回合,loss:27.268492
回合,loss:27.268492
回合,loss:26.26481
回合,loss:27.317036
回合,loss:26.86649
回合,loss:27.623556
回合,loss:26.58746
回合,loss:27.564352
回合,loss:27.499926
回合,loss:27.056889
回合,loss:27.074091
回合,loss:26.83399
回合,loss:26.765566
回合,loss:27.13223
回合,loss:27.29794
回合,loss:27.40686
回合,loss:27.452894
回合,loss:26.117785
回合,loss:27.678682
回合,loss:26.570395
回合,loss:27.718449
回合,loss:27.057505
回合,loss:27.401798
回合,loss:26.795122
回合,loss:26.793573
回合,loss:27.089212
回合,loss:27.390776
回合,loss:26.921938
回合,loss:27.521585
回合,loss:27.01274
回合,loss:27.296051
回合,loss:26.97911
回合,loss:27.814428
回合,loss:27.119608
回合,loss:27.215689
回合,loss:27.056671
回合,loss:26.815922
回合,loss:27.52458
回合,loss:27.677061
回合,loss:27.098228
回合,loss:26.832191
回合,loss:27.509352
回合,loss:28.28483
回合,loss:26.410494
回合,loss:28.41348
回合,loss:27.033382
回合,loss:26.765894
回合,loss:27.722042
回合,loss:28.085226
回合,loss:26.702406
回合,loss:26.226503
回合,loss:27.659618
回合,loss:27.051266
回合,loss:26.625776
回合,loss:27.695024
回合,loss:28.827349
回合,loss:26.062273
回合,loss:27.663174
回合,loss:28.129414
回合,loss:27.145927
回合,loss:28.393045
回合,loss:27.541739
回合,loss:26.866455
回合,loss:27.438105
回合,loss:27.637789
回合,loss:27.073944
回合,loss:27.010723
回合,loss:26.914604
回合,loss:27.667715
回合,loss:27.05212
回合,loss:26.875631
回合,loss:27.988607
回合,loss:28.089512
回合,loss:26.778067
回合,loss:27.24183
回合,loss:27.74376
回合,loss:26.546915
回合,loss:28.368446
回合,loss:27.859625
回合,loss:26.873653
回合,loss:27.452414
回合,loss:27.687174
回合,loss:27.81599
回合,loss:27.100477
回合,loss:26.924911
回合,loss:27.763453
回合,loss:27.042606
回合,loss:27.299585
回合,loss:27.608263
回合,loss:27.951288
回合,loss:27.039936
回合,loss:27.394615
回合,loss:28.2681
回合,loss:27.489952
回合,loss:28.142565
回合,loss:27.511133
回合,loss:26.467138
回合,loss:27.739925
回合,loss:28.395649
回合,loss:26.271261
回合,loss:27.876703
回合,loss:26.753428
回合,loss:26.950361
回合,loss:28.143736
回合,loss:27.344141
回合,loss:27.519522
回合,loss:27.84394
回合,loss:27.570513
回合,loss:27.637768
回合,loss:27.241364
回合,loss:27.613676
回合,loss:28.011854
回合,loss:26.630205
回合,loss:27.799292
回合,loss:28.18735
回合,loss:27.280949
回合,loss:27.739374
回合,loss:27.75916
回合,loss:27.127579
回合,loss:27.319567
回合,loss:27.927755
回合,loss:27.889082
回合,loss:27.12915
回合,loss:27.780508
回合,loss:27.706285
回合,loss:27.41476
回合,loss:28.168886
回合,loss:27.76667
回合,loss:27.76667
回合,loss:27.413559
回合,loss:24.444048
回合,loss:24.497488
回合,loss:24.497488
回合,loss:24.756083
回合,loss:24.632631
回合,loss:24.632631
回合,loss:24.463606
回合,loss:25.005013
回合,loss:24.660084
回合,loss:24.660084
回合,loss:24.582249
回合,loss:24.777391
回合,loss:24.74541
回合,loss:24.74541
回合,loss:24.505873
回合,loss:24.314236
回合,loss:24.314236
回合,loss:24.625677
回合,loss:24.616365
回合,loss:24.62325
回合,loss:24.62325
回合,loss:24.62325
回合,loss:24.62325
回合,loss:24.62325
回合,loss:24.279741
回合,loss:25.127897
回合,loss:23.451118
回合,loss:23.451118
回合,loss:23.748892
回合,loss:23.73514
回合,loss:23.73514
回合,loss:22.558792
回合,loss:23.917597
回合,loss:23.728493
回合,loss:23.728493
回合,loss:23.134535
回合,loss:23.963915
回合,loss:23.196224
回合,loss:23.196224
回合,loss:23.142355
回合,loss:22.785248
回合,loss:22.785248
回合,loss:22.76928
回合,loss:23.102606
回合,loss:23.173956
回合,loss:23.173956
回合,loss:22.946156
回合,loss:23.041456
回合,loss:23.041456
回合,loss:23.43647
回合,loss:23.921988
回合,loss:23.429304
回合,loss:23.429304
回合,loss:22.881065
回合,loss:24.059961
回合,loss:24.059961
回合,loss:23.145967
回合,loss:23.670004
回合,loss:23.622618
回合,loss:23.622618
回合,loss:23.201141
回合,loss:22.987057
回合,loss:23.379211
回合,loss:23.379211
回合,loss:24.037727
回合,loss:24.030853
回合,loss:24.030853
回合,loss:23.249228
回合,loss:23.766298
回合,loss:24.336906
回合,loss:24.336906
回合,loss:24.230106
回合,loss:24.230106
回合,loss:24.230106
回合,loss:23.4317
回合,loss:23.4317
回合,loss:23.458448
回合,loss:23.983824
回合,loss:23.85402
回合,loss:23.85402
回合,loss:23.35802
回合,loss:23.620975
回合,loss:23.620975
回合,loss:23.493404
回合,loss:23.873428
回合,loss:23.67049
回合,loss:23.67049
回合,loss:22.704237
回合,loss:27.987677
回合,loss:27.987677
回合,loss:23.272402
回合,loss:23.53032
回合,loss:23.554634
回合,loss:23.554634
回合,loss:23.663763
回合,loss:23.392673
回合,loss:23.392673
回合,loss:23.199562
回合,loss:23.439478
回合,loss:23.530695
回合,loss:23.530695
回合,loss:23.778337
回合,loss:23.207
回合,loss:37.283733
回合,loss:37.283733
回合,loss:23.406546
回合,loss:23.71438
回合,loss:23.71438
回合,loss:23.522617
回合,loss:23.242725
回合,loss:23.168552
回合,loss:23.168552
回合,loss:23.205048
回合,loss:23.460632
回合,loss:23.460632
回合,loss:23.484879
回合,loss:23.362537
回合,loss:23.954134
回合,loss:23.954134
回合,loss:44.39864
回合,loss:23.822035
回合,loss:23.61065
回合,loss:23.61065
回合,loss:23.681572
回合,loss:23.234768
回合,loss:23.234768
回合,loss:23.279167
回合,loss:23.232182
回合,loss:23.301249
回合,loss:23.301249
回合,loss:23.909336
回合,loss:24.023296
回合,loss:24.023296
回合,loss:28.987183
回合,loss:23.580116
回合,loss:23.569765
回合,loss:23.569765
回合,loss:23.718323
回合,loss:23.521107
回合,loss:23.513659
回合,loss:23.513659
回合,loss:23.536001
回合,loss:23.725746
回合,loss:23.725746
回合,loss:23.720892
回合,loss:24.18377
回合,loss:24.174114
回合,loss:24.174114
回合,loss:23.684141
回合,loss:23.59983
回合,loss:23.59983
回合,loss:23.689621
回合,loss:23.689621
回合,loss:23.689621
回合,loss:23.689621
回合,loss:24.068592
回合,loss:24.067232
回合,loss:24.067232
回合,loss:24.269678
回合,loss:23.778805
回合,loss:23.778805
回合,loss:24.089788
回合,loss:24.052214
回合,loss:24.120049
回合,loss:24.456022
回合,loss:24.456022
回合,loss:25.360424
回合,loss:25.570591
回合,loss:25.179384
回合,loss:25.299267
回合,loss:25.299267
回合,loss:25.128708
回合,loss:25.069311
回合,loss:25.069311
回合,loss:24.878864
回合,loss:25.386526
回合,loss:26.78709
回合,loss:26.78709
回合,loss:26.119526
回合,loss:25.827093
回合,loss:25.827093
回合,loss:25.775703
回合,loss:25.761616
回合,loss:25.761616
回合,loss:25.818161
回合,loss:26.269228
回合,loss:25.752762
回合,loss:25.752762
回合,loss:26.388046
回合,loss:26.785887
回合,loss:26.707195
回合,loss:26.707195
回合,loss:25.734135
回合,loss:26.345602
回合,loss:38.445446
回合,loss:38.303448
回合,loss:38.194347
回合,loss:38.194347
回合,loss:38.124634
回合,loss:38.080708
回合,loss:38.080708
回合,loss:38.052425
回合,loss:38.034428
回合,loss:38.023315
回合,loss:38.023315
回合,loss:38.034122
回合,loss:38.039238
回合,loss:25.064028
回合,loss:25.064028
回合,loss:82.52226
回合,loss:34.800148
回合,loss:34.800148
回合,loss:40.44773
回合,loss:45.517937
回合,loss:49.793728
回合,loss:49.793728
回合,loss:48.29563
回合,loss:46.325203
回合,loss:32.48101
回合,loss:32.48101
回合,loss:28.803383
回合,loss:27.131487
回合,loss:27.131487
回合,loss:26.011814
回合,loss:25.219929
回合,loss:24.668787
回合,loss:24.668787
回合,loss:24.334679
回合,loss:155.84813
回合,loss:155.84813
回合,loss:23.682806
回合,loss:23.444052
回合,loss:23.285715
回合,loss:23.285715
回合,loss:23.026127
回合,loss:194.38979
回合,loss:23.249477
回合,loss:23.249477
回合,loss:23.725086
回合,loss:24.511889
回合,loss:24.511889
回合,loss:24.993235
回合,loss:24.678164
回合,loss:24.785212
回合,loss:24.785212
回合,loss:25.000011
回合,loss:25.148445
回合,loss:25.148445
回合,loss:24.91057
回合,loss:25.769218
回合,loss:24.564882
回合,loss:24.564882
回合,loss:25.8693
回合,loss:24.85754
回合,loss:25.0998
回合,loss:25.0998
回合,loss:25.14773
回合,loss:24.619696
回合,loss:24.619696
回合,loss:24.340685
回合,loss:24.179428
回合,loss:23.84172
回合,loss:23.84172
回合,loss:23.564793
回合,loss:23.143318
回合,loss:23.143318
回合,loss:28.953175
回合,loss:23.047752
回合,loss:23.052387
回合,loss:23.052387
回合,loss:22.971743
回合,loss:22.818136
回合,loss:23.040865
回合,loss:23.040865
回合,loss:22.826975
回合,loss:22.997496
回合,loss:22.997496
回合,loss:22.626488
回合,loss:22.795084
回合,loss:22.67398
回合,loss:22.67398
回合,loss:22.67398
回合,loss:22.67398
回合,loss:22.67398
回合,loss:22.67398
回合,loss:38.361195
回合,loss:38.445446
回合,loss:38.445446
回合,loss:38.303448
回合,loss:38.194347
回合,loss:38.124634
回合,loss:38.124634
回合,loss:25.493359
回合,loss:25.342093
回合,loss:25.336483
回合,loss:27.432312
回合,loss:27.708027
回合,loss:27.68893
回合,loss:27.68893
回合,loss:24.90178
回合,loss:22.713228
回合,loss:22.468628
回合,loss:22.516998
回合,loss:22.922338
回合,loss:23.179846
回合,loss:23.262947
回合,loss:23.316034
回合,loss:22.937632
回合,loss:23.15201
回合,loss:23.331623
回合,loss:23.331623
回合,loss:23.328857
回合,loss:23.27053
回合,loss:23.173996
回合,loss:23.310045
回合,loss:23.191492
回合,loss:23.254076
回合,loss:23.254076
回合,loss:23.237158
回合,loss:23.229588
回合,loss:23.229588
回合,loss:23.620342
回合,loss:23.577497
回合,loss:23.828896
回合,loss:23.828896
